// Vitest Snapshot v1, https://vitest.dev/guide/snapshot.html

exports[`buildRenderCommand > golden: snapshots the filter_complex for a multi-feature timeline 1`] = `"color=c=black:s=1920x1080:r=30:d=2.000000[base];[0:v]setsar=1,crop=iw*0.800000:ih*1.000000:iw*0.100000:ih*0.000000,scale=960:540:force_original_aspect_ratio=decrease,pad=960:540:(ow-iw)/2:(oh-ih)/2:color=black@0,fps=fps=30:start_time=0:round=near:eof_action=round,setpts=PTS-STARTPTS+0.000000/TB,eq=brightness=0.2000:contrast=1.2000:saturation=1.0000:gamma=1.0000,gblur=sigma=5.0000,format=yuva420p,rotate=a='(15.000000)*PI/180':c=black@0:ow=iw:oh=ih,colorchannelmixer=aa=0.8000[v0];[base][v0]overlay=x=672:y=162:enable='between(t,0.000000,2.000000)':eof_action=pass[ov0];[1:a]asetpts=PTS-STARTPTS,adelay=0|0,volume=0.7000,afade=t=in:st=0.000000:d=0.016667,afade=t=out:st=1.983333:d=0.016667[a0]"`;
